OK 4770 /d/repos/vibeai-station/assets_src2/img/gb/Smileys/angry.gif
OK 4770 /d/repos/vibeai-station/assets_src2/img/gb/Smileys/angry.gif
OK 4770 /d/repos/vibeai-station/assets_src2/img/gb/Smileys/angry.gif
FAIL /d/repos/vibeai-station/assets_src2/img/gb/Smileys/biggrin.gif  <- https://web.archive.org/web/20131211113501id_/http://l.yimg.com/e/serv/guestbook/img/Smileys/biggrin.gif
FAIL /d/repos/vibeai-station/assets_src2/img/gb/Smileys/biggrin.gif  <- https://web.archive.org/web/20131211113501id_/http://l.yimg.com/e/serv/guestbook/img/Smileys/biggrin.gif
OK 3488 /d/repos/vibeai-station/assets_src2/img/gb/Smileys/bighug.gif
OK 3488 /d/repos/vibeai-station/assets_src2/img/gb/Smileys/bighug.gif
OK 1641 /d/repos/vibeai-station/assets_src2/img/gb/Smileys/blushing.gif
OK 1641 /d/repos/vibeai-station/assets_src2/img/gb/Smileys/blushing.gif
OK 2318 /d/repos/vibeai-station/assets_src2/img/gb/Smileys/broken_heart.gif
OK 2318 /d/repos/vibeai-station/assets_src2/img/gb/Smileys/broken_heart.gif
FAIL /d/repos/vibeai-station/assets_src2/img/gb/Smileys/biggrin.gif  <- https://web.archive.org/web/2012id_/http://l.yimg.com/e/serv/guestbook/img/Smileys/biggrin.gif
OK 2728 /d/repos/vibeai-station/assets_src2/img/gb/Smileys/confused.gif
OK 3488 /d/repos/vibeai-station/assets_src2/img/gb/Smileys/bighug.gif
OK 2728 /d/repos/vibeai-station/assets_src2/img/gb/Smileys/confused.gif
OK 1641 /d/repos/vibeai-station/assets_src2/img/gb/Smileys/blushing.gif
OK 2318 /d/repos/vibeai-station/assets_src2/img/gb/Smileys/broken_heart.gif
OK 2728 /d/repos/vibeai-station/assets_src2/img/gb/Smileys/confused.gif
OK 2304 /d/repos/vibeai-station/assets_src2/img/gb/Smileys/crying.gif
OK 2304 /d/repos/vibeai-station/assets_src2/img/gb/Smileys/crying.gif
OK 2304 /d/repos/vibeai-station/assets_src2/img/gb/Smileys/crying.gif
OK 1197 /d/repos/vibeai-station/assets_src2/img/gb/Smileys/happy.gif
OK 1197 /d/repos/vibeai-station/assets_src2/img/gb/Smileys/happy.gif
OK 646 /d/repos/vibeai-station/assets_src2/img/gb/Smileys/laughing.gif
OK 646 /d/repos/vibeai-station/assets_src2/img/gb/Smileys/laughing.gif
OK 1197 /d/repos/vibeai-station/assets_src2/img/gb/Smileys/happy.gif
OK 646 /d/repos/vibeai-station/assets_src2/img/gb/Smileys/laughing.gif
OK 2323 /d/repos/vibeai-station/assets_src2/img/gb/Smileys/lovestruck.gif
OK 2323 /d/repos/vibeai-station/assets_src2/img/gb/Smileys/lovestruck.gif
OK 2323 /d/repos/vibeai-station/assets_src2/img/gb/Smileys/lovestruck.gif
OK 1014 /d/repos/vibeai-station/assets_src2/img/gb/Smileys/notalking.gif
OK 1014 /d/repos/vibeai-station/assets_src2/img/gb/Smileys/notalking.gif
OK 1014 /d/repos/vibeai-station/assets_src2/img/gb/Smileys/notalking.gif
OK 781 /d/repos/vibeai-station/assets_src2/img/gb/Smileys/phbbbbt.gif
OK 781 /d/repos/vibeai-station/assets_src2/img/gb/Smileys/phbbbbt.gif
OK 781 /d/repos/vibeai-station/assets_src2/img/gb/Smileys/phbbbbt.gif
OK 1001 /d/repos/vibeai-station/assets_src2/img/gb/Smileys/sad.gif
OK 1001 /d/repos/vibeai-station/assets_src2/img/gb/Smileys/sad.gif
OK 1001 /d/repos/vibeai-station/assets_src2/img/gb/Smileys/sad.gif
OK 2538 /d/repos/vibeai-station/assets_src2/img/gb/Smileys/shameonyou.gif
OK 2538 /d/repos/vibeai-station/assets_src2/img/gb/Smileys/shameonyou.gif
OK 2538 /d/repos/vibeai-station/assets_src2/img/gb/Smileys/shameonyou.gif
OK 613 /d/repos/vibeai-station/assets_src2/img/gb/Smileys/straightface.gif
OK 613 /d/repos/vibeai-station/assets_src2/img/gb/Smileys/straightface.gif
OK 1668 /d/repos/vibeai-station/assets_src2/img/gb/Smileys/surprise.gif
OK 613 /d/repos/vibeai-station/assets_src2/img/gb/Smileys/straightface.gif
OK 1668 /d/repos/vibeai-station/assets_src2/img/gb/Smileys/surprise.gif
OK 845 /d/repos/vibeai-station/assets_src2/img/gb/Smileys/tongue.gif
OK 1668 /d/repos/vibeai-station/assets_src2/img/gb/Smileys/surprise.gif
OK 845 /d/repos/vibeai-station/assets_src2/img/gb/Smileys/tongue.gif
OK 845 /d/repos/vibeai-station/assets_src2/img/gb/Smileys/tongue.gif
OK 1649 /d/repos/vibeai-station/assets_src2/img/gb/Smileys/waiting.gif
OK 1649 /d/repos/vibeai-station/assets_src2/img/gb/Smileys/waiting.gif
OK 1649 /d/repos/vibeai-station/assets_src2/img/gb/Smileys/waiting.gif
OK 1001 /d/repos/vibeai-station/assets_src2/img/gb/Smileys/winking.gif
OK 1001 /d/repos/vibeai-station/assets_src2/img/gb/Smileys/winking.gif
OK 1001 /d/repos/vibeai-station/assets_src2/img/gb/Smileys/winking.gif
OK 1203 /d/repos/vibeai-station/assets_src2/img/gb/Smileys/worried.gif
OK 1203 /d/repos/vibeai-station/assets_src2/img/gb/Smileys/worried.gif
smileys done
smileys done
OK 1203 /d/repos/vibeai-station/assets_src2/img/gb/Smileys/worried.gif
OK 161 /d/repos/vibeai-station/assets_src2/img/gb/lock.gif
OK 1165 /d/repos/vibeai-station/assets_src2/img/gb/isAuth.gif
OK 161 /d/repos/vibeai-station/assets_src2/img/gb/lock.gif
OK 1165 /d/repos/vibeai-station/assets_src2/img/gb/isAuth.gif
OK 322 /d/repos/vibeai-station/assets_src2/img/gb/rss.gif
OK 322 /d/repos/vibeai-station/assets_src2/img/gb/rss.gif
OK 165 /d/repos/vibeai-station/assets_src2/img/gb/button_admin.gif
OK 165 /d/repos/vibeai-station/assets_src2/img/gb/button_admin.gif
OK 1221 /d/repos/vibeai-station/assets_src2/img/gb/webpage.gif
icons done
OK 1221 /d/repos/vibeai-station/assets_src2/img/gb/webpage.gif
OK 25157 /d/repos/vibeai-station/assets_src2/html/gb_user_a000000010_20120531.html
icons done
OK 25157 /d/repos/vibeai-station/assets_src2/html/gb_user_a000000010_20120531.html
OK 73482 /d/repos/vibeai-station/assets_src2/html/gb_friend_a00000415263_20110518.html
OK 42395 /d/repos/vibeai-station/assets_src2/html/gb_gbook_announce_a0190728_20110702.html
OK 73482 /d/repos/vibeai-station/assets_src2/html/gb_friend_a00000415263_20110518.html
OK 56859 /d/repos/vibeai-station/assets_src2/html/gb_gbook_advise_a0052018_20111004.html
OK 42395 /d/repos/vibeai-station/assets_src2/html/gb_gbook_announce_a0190728_20110702.html
OK 56859 /d/repos/vibeai-station/assets_src2/html/gb_gbook_advise_a0052018_20111004.html
OK 43299 /d/repos/vibeai-station/assets_src2/html/gb_gbook_track_a0003033_20110716.html
OK 37041 /d/repos/vibeai-station/assets_src2/html/gb_gbook_addpost_a0913375433_20110625.html
OK 43299 /d/repos/vibeai-station/assets_src2/html/gb_gbook_track_a0003033_20110716.html
OK 37041 /d/repos/vibeai-station/assets_src2/html/gb_gbook_addpost_a0913375433_20110625.html
OK 26783 /d/repos/vibeai-station/assets_src2/scratch/gb2009.html
OK 26783 /d/repos/vibeai-station/assets_src2/scratch/gb2009.html
pages done
pages done
ALLDONE
ALLDONE
